
Kernel process terminated for restart. (0)

Python 3.5.2 |Anaconda 4.2.0 (64-bit)| (default, Jul  5 2016, 11:41:13) on Windows (64 bits).
This is the Pyzo interpreter with integrated event loop for PYQT5.
Type 'help' for help, type '?' for a list of *magic* commands.

>>> help(math)
Traceback (most recent call last):
  File "<console>", line 1, in <module>
NameError: name 'math' is not defined

>>> import math

>>> help(math)
Help on built-in module math:

NAME
    math

DESCRIPTION
    This module is always available.  It provides access to the
    mathematical functions defined by the C standard.

FUNCTIONS
    acos(...)
        acos(x)
        
        Return the arc cosine (measured in radians) of x.
    
    acosh(...)
        acosh(x)
        
        Return the inverse hyperbolic cosine of x.
    
    asin(...)
        asin(x)
        
        Return the arc sine (measured in radians) of x.
    
    asinh(...)
        asinh(x)
        
        Return the inverse hyperbolic sine of x.
    
    atan(...)
        atan(x)
        
        Return the arc tangent (measured in radians) of x.
    
    atan2(...)
        atan2(y, x)
        
        Return the arc tangent (measured in radians) of y/x.
        Unlike atan(y/x), the signs of both x and y are considered.
    
    atanh(...)
        atanh(x)
        
        Return the inverse hyperbolic tangent of x.
    
    ceil(...)
        ceil(x)
        
        Return the ceiling of x as an Integral.
        This is the smallest integer >= x.
    
    copysign(...)
        copysign(x, y)
        
        Return a float with the magnitude (absolute value) of x but the sign 
        of y. On platforms that support signed zeros, copysign(1.0, -0.0) 
        returns -1.0.
    
    cos(...)
        cos(x)
        
        Return the cosine of x (measured in radians).
    
    cosh(...)
        cosh(x)
        
        Return the hyperbolic cosine of x.
    
    degrees(...)
        degrees(x)
        
        Convert angle x from radians to degrees.
    
    erf(...)
        erf(x)
        
        Error function at x.
    
    erfc(...)
        erfc(x)
        
        Complementary error function at x.
    
    exp(...)
        exp(x)
        
        Return e raised to the power of x.
    
    expm1(...)
        expm1(x)
        
        Return exp(x)-1.
        This function avoids the loss of precision involved in the direct evaluation of exp(x)-1 for small x.
    
    fabs(...)
        fabs(x)
        
        Return the absolute value of the float x.
    
    factorial(...)
        factorial(x) -> Integral
        
        Find x!. Raise a ValueError if x is negative or non-integral.
    
    floor(...)
        floor(x)

        
        Return the floor of x as an Integral.
        This is the largest integer <= x.
    
    fmod(...)
        fmod(x, y)
        
        Return fmod(x, y), according to platform C.  x % y may differ.
    
    frexp(...)
        frexp(x)
        
        Return the mantissa and exponent of x, as pair (m, e).
        m is a float and e is an int, such that x = m * 2.**e.
        If x is 0, m and e are both 0.  Else 0.5 <= abs(m) < 1.0.
    
    fsum(...)
        fsum(iterable)
        
        Return an accurate floating point sum of values in the iterable.
        Assumes IEEE-754 floating point arithmetic.
    
    gamma(...)
        gamma(x)
        
        Gamma function at x.
    
    gcd(...)
        gcd(x, y) -> int
        greatest common divisor of x and y
    
    hypot(...)
        hypot(x, y)
        
        Return the Euclidean distance, sqrt(x*x + y*y).
    
    isclose(...)
        isclose(a, b, *, rel_tol=1e-09, abs_tol=0.0) -> bool
        
        Determine whether two floating point numbers are close in value.
        
           rel_tol
               maximum difference for being considered "close", relative to the
               magnitude of the input values
            abs_tol
               maximum difference for being considered "close", regardless of the
               magnitude of the input values
        
        Return True if a is close in value to b, and False otherwise.
        
        For the values to be considered close, the difference between them
        must be smaller than at least one of the tolerances.
        
        -inf, inf and NaN behave similarly to the IEEE 754 Standard.  That
        is, NaN is not close to anything, even itself.  inf and -inf are
        only close to themselves.
    
    isfinite(...)
        isfinite(x) -> bool
        
        Return True if x is neither an infinity nor a NaN, and False otherwise.
    
    isinf(...)
        isinf(x) -> bool
        
        Return True if x is a positive or negative infinity, and False otherwise.
    
    isnan(...)
        isnan(x) -> bool
        
        Return True if x is a NaN (not a number), and False otherwise.
    
    ldexp(...)
        ldexp(x, i)
        
        Return x * (2**i).
    
    lgamma(...)
        lgamma(x)
        
        Natural logarithm of absolute value of Gamma function at x.
    
    log(...)
        log(x[, base])
        
        Return the logarithm of x to the given base.
        If the base not specified, returns the natural logarithm (base e) of x.
    
    log10(...)
        log10(x)
        
        Return the base 10 logarithm of x.
    
    log1p(...)
        log1p(x)
        
        Return the natural logarithm of 1+x (base e).
        The result is computed in a way which is accurate for x near zero.
    
    log2(...)
        log2(x)
        
        Return the base 2 logarithm of x.
    
    modf(...)
        modf(x)
        
        Return the fractional and integer parts of x.  Both results carry the sign
        of x and are floats.
    
    pow(...)
        pow(x, y)
        
        Return x**y (x to the power of y).
    
    radians(...)
        radians(x)
        
        Convert angle x from degrees to radians.
    
    sin(...)
        sin(x)
        
        Return the sine of x (measured in radians).
    
    sinh(...)
        sinh(x)
        
        Return the hyperbolic sine of x.
    
    sqrt(...)
        sqrt(x)
        
        Return the square root of x.
    
    tan(...)
        tan(x)
        
        Return the tangent of x (measured in radians).
    
    tanh(...)
        tanh(x)
        
        Return the hyperbolic tangent of x.
    
    trunc(...)
        trunc(x:Real) -> Integral
        
        Truncates x to the nearest Integral toward 0. Uses the __trunc__ magic method.

DATA
    e = 2.718281828459045
    inf = inf
    nan = nan
    pi = 3.141592653589793

FILE
    (built-in)


>>> math.ceil(3.2)
4

>>> math.e
2.718281828459045

>>> math.pi
3.141592653589793

>>> sqrt(math.pi)
Traceback (most recent call last):
  File "<console>", line 1, in <module>
NameError: name 'sqrt' is not defined

>>> math.sqrt(math.pi)
1.7724538509055159

>>> dir(str)
['__add__', '__class__', '__contains__', '__delattr__', '__dir__', '__doc__', '__eq__', '__format__', '__ge__', '__getattribute__', '__getitem__', '__getnewargs__', '__gt__', '__hash__', '__init__', '__iter__', '__le__', '__len__', '__lt__', '__mod__', '__mul__', '__ne__', '__new__', '__reduce__', '__reduce_ex__', '__repr__', '__rmod__', '__rmul__', '__setattr__', '__sizeof__', '__str__', '__subclasshook__', 'capitalize', 'casefold', 'center', 'count', 'encode', 'endswith', 'expandtabs', 'find', 'format', 'format_map', 'index', 'isalnum', 'isalpha', 'isdecimal', 'isdigit', 'isidentifier', 'islower', 'isnumeric', 'isprintable', 'isspace', 'istitle', 'isupper', 'join', 'ljust', 'lower', 'lstrip', 'maketrans', 'partition', 'replace', 'rfind', 'rindex', 'rjust', 'rpartition', 'rsplit', 'rstrip', 'split', 'splitlines', 'startswith', 'strip', 'swapcase', 'title', 'translate', 'upper', 'zfill']

>>> help(sr)
Traceback (most recent call last):
  File "<console>", line 1, in <module>
NameError: name 'sr' is not defined

>>> help(str)
Help on class str in module builtins:

class str(object)
 |  str(object='') -> str
 |  str(bytes_or_buffer[, encoding[, errors]]) -> str
 |  
 |  Create a new string object from the given object. If encoding or
 |  errors is specified, then the object must expose a data buffer
 |  that will be decoded using the given encoding and error handler.
 |  Otherwise, returns the result of object.__str__() (if defined)
 |  or repr(object).
 |  encoding defaults to sys.getdefaultencoding().
 |  errors defaults to 'strict'.
 |  
 |  Methods defined here:
 |  
 |  __add__(self, value, /)
 |      Return self+value.
 |  
 |  __contains__(self, key, /)
 |      Return key in self.
 |  
 |  __eq__(self, value, /)
 |      Return self==value.
 |  
 |  __format__(...)
 |      S.__format__(format_spec) -> str
 |      
 |      Return a formatted version of S as described by format_spec.
 |  
 |  __ge__(self, value, /)
 |      Return self>=value.
 |  
 |  __getattribute__(self, name, /)
 |      Return getattr(self, name).
 |  
 |  __getitem__(self, key, /)
 |      Return self[key].
 |  
 |  __getnewargs__(...)
 |  
 |  __gt__(self, value, /)
 |      Return self>value.
 |  
 |  __hash__(self, /)
 |      Return hash(self).
 |  
 |  __iter__(self, /)
 |      Implement iter(self).
 |  
 |  __le__(self, value, /)
 |      Return self<=value.
 |  
 |  __len__(self, /)
 |      Return len(self).
 |  
 |  __lt__(self, value, /)
 |      Return self<value.
 |  
 |  __mod__(self, value, /)
 |      Return self%value.
 |  
 |  __mul__(self, value, /)
 |      Return self*value.n
 |  
 |  __ne__(self, value, /)
 |      Return self!=value.
 |  
 |  __new__(*args, **kwargs) from builtins.type
 |      Create and return a new object.  See help(type) for accurate signature.
 |  
 |  __repr__(self, /)
 |      Return repr(self).
 |  
 |  __rmod__(self, value, /)
 |      Return value%self.
 |  
 |  __rmul__(self, value, /)
 |      Return self*value.
 |  
 |  __sizeof__(...)
 |      S.__sizeof__() -> size of S in memory, in bytes
 |  
 |  __str__(self, /)
 |      Return str(self).
 |  
 |  capitalize(...)
 |      S.capitalize() -> str
 |      
 |      Return a capitalized version of S, i.e. make the first character
 |      have upper case and the rest lower case.
 |  
 |  casefold(...)
 |      S.casefold() -> str
 |      
 |      Return a version of S suitable for caseless comparisons.
 |  
 |  center(...)
 |      S.center(width[, fillchar]) -> str
 |      
 |      Return S centered in a string of length width. Padding is
 |      done using the specified fill character (default is a space)
 |  
 |  count(...)
 |      S.count(sub[, start[, end]]) -> int
 |      
 |      Return the number of non-overlapping occurrences of substring sub in
 |      string S[start:end].  Optional arguments start and end are
 |      interpreted as in slice notation.
 |  
 |  encode(...)
 |      S.encode(encoding='utf-8', errors='strict') -> bytes
 |      
 |      Encode S using the codec registered for encoding. Default encoding
 |      is 'utf-8'. errors may be given to set a different error
 |      handling scheme. Default is 'strict' meaning that encoding errors raise
 |      a UnicodeEncodeError. Other possible values are 'ignore', 'replace' and
 |      'xmlcharrefreplace' as well as any other name registered with
 |      codecs.register_error that can handle UnicodeEncodeErrors.
 |  
 |  endswith(...)
 |      S.endswith(suffix[, start[, end]]) -> bool
 |      
 |      Return True if S ends with the specified suffix, False otherwise.
 |      With optional start, test S beginning at that position.
 |      With optional end, stop comparing S at that position.
 |      suffix can also be a tuple of strings to try.
 |  
 |  expandtabs(...)
 |      S.expandtabs(tabsize=8) -> str
 |      
 |      Return a copy of S where all tab characters are expanded using spaces.
 |      If tabsize is not given, a tab size of 8 characters is assumed.
 |  
 |  find(...)
 |      S.find(sub[, start[, end]]) -> int
 |      
 |      Return the lowest index in S where substring sub is found,
 |      such that sub is contained within S[start:end].  Optional
 |      arguments start and end are interpreted as in slice notation.
 |      
 |      Return -1 on failure.
 |  
 |  format(...)
 |      S.format(*args, **kwargs) -> str
 |      
 |      Return a formatted version of S, using substitutions from args and kwargs.
 |      The substitutions are identified by braces ('{' and '}').
 |  
 |  format_map(...)
 |      S.format_map(mapping) -> str
 |      
 |      Return a formatted version of S, using substitutions from mapping.
 |      The substitutions are identified by braces ('{' and '}').
 |  
 |  index(...)
 |      S.index(sub[, start[, end]]) -> int
 |      
 |      Like S.find() but raise ValueError when the substring is not found.
 |  
 |  isalnum(...)
 |      S.isalnum() -> bool
 |      
 |      Return True if all characters in S are alphanumeric
 |      and there is at least one character in S, False otherwise.
 |  
 |  isalpha(...)
 |      S.isalpha() -> bool
 |      
 |      Return True if all characters in S are alphabetic
 |      and there is at least one character in S, False otherwise.
 |  
 |  isdecimal(...)
 |      S.isdecimal() -> bool
 |      
 |      Return True if there are only decimal characters in S,
 |      False otherwise.
 |  
 |  isdigit(...)
 |      S.isdigit() -> bool
 |      
 |      Return True if all characters in S are digits
 |      and there is at least one character in S, False otherwise.
 |  
 |  isidentifier(...)
 |      S.isidentifier() -> bool
 |      
 |      Return True if S is a valid identifier according
 |      to the language definition.
 |      
 |      Use keyword.iskeyword() to test for reserved identifiers
 |      such as "def" and "class".
 |  
 |  islower(...)
 |      S.islower() -> bool
 |      
 |      Return True if all cased characters in S are lowercase and there is
 |      at least one cased character in S, False otherwise.
 |  
 |  isnumeric(...)
 |      S.isnumeric() -> bool
 |      
 |      Return True if there are only numeric characters in S,
 |      False otherwise.
 |  
 |  isprintable(...)
 |      S.isprintable() -> bool
 |      
 |      Return True if all characters in S are considered
 |      printable in repr() or S is empty, False otherwise.
 |  
 |  isspace(...)
 |      S.isspace() -> bool
 |      
 |      Return True if all characters in S are whitespace
 |      and there is at least one character in S, False otherwise.
 |  
 |  istitle(...)
 |      S.istitle() -> bool
 |      
 |      Return True if S is a titlecased string and there is at least one
 |      character in S, i.e. upper- and titlecase characters may only
 |      follow uncased characters and lowercase characters only cased ones.
 |      Return False otherwise.
 |  
 |  isupper(...)
 |      S.isupper() -> bool
 |      
 |      Return True if all cased characters in S are uppercase and there is
 |      at least one cased character in S, False otherwise.
 |  
 |  join(...)
 |      S.join(iterable) -> str
 |      
 |      Return a string which is the concatenation of the strings in the
 |      iterable.  The separator between elements is S.
 |  
 |  ljust(...)
 |      S.ljust(width[, fillchar]) -> str
 |      
 |      Return S left-justified in a Unicode string of length width. Padding is
 |      done using the specified fill character (default is a space).
 |  
 |  lower(...)
 |      S.lower() -> str
 |      
 |      Return a copy of the string S converted to lowercase.
 |  
 |  lstrip(...)
 |      S.lstrip([chars]) -> str
 |      
 |      Return a copy of the string S with leading whitespace removed.
 |      If chars is given and not None, remove characters in chars instead.
 |  
 |  partition(...)
 |      S.partition(sep) -> (head, sep, tail)
 |      
 |      Search for the separator sep in S, and return the part before it,
 |      the separator itself, and the part after it.  If the separator is not
 |      found, return S and two empty strings.
 |  
 |  replace(...)
 |      S.replace(old, new[, count]) -> str
 |      
 |      Return a copy of S with all occurrences of substring
 |      old replaced by new.  If the optional argument count is
 |      given, only the first count occurrences are replaced.
 |  
 |  rfind(...)
 |      S.rfind(sub[, start[, end]]) -> int
 |      
 |      Return the highest index in S where substring sub is found,
 |      such that sub is contained within S[start:end].  Optional
 |      arguments start and end are interpreted as in slice notation.
 |      
 |      Return -1 on failure.
 |  
 |  rindex(...)
 |      S.rindex(sub[, start[, end]]) -> int
 |      
 |      Like S.rfind() but raise ValueError when the substring is not found.
 |  
 |  rjust(...)
 |      S.rjust(width[, fillchar]) -> str
 |      
 |      Return S right-justified in a string of length width. Padding is
 |      done using the specified fill character (default is a space).
 |  
 |  rpartition(...)
 |      S.rpartition(sep) -> (head, sep, tail)
 |      
 |      Search for the separator sep in S, starting at the end of S, and return
 |      the part before it, the separator itself, and the part after it.  If the
 |      separator is not found, return two empty strings and S.
 |  
 |  rsplit(...)
 |      S.rsplit(sep=None, maxsplit=-1) -> list of strings
 |      
 |      Return a list of the words in S, using sep as the
 |      delimiter string, starting at the end of the string and
 |      working to the front.  If maxsplit is given, at most maxsplit
 |      splits are done. If sep is not specified, any whitespace string
 |      is a separator.
 |  
 |  rstrip(...)
 |      S.rstrip([chars]) -> str
 |      
 |      Return a copy of the string S with trailing whitespace removed.
 |      If chars is given and not None, remove characters in chars instead.
 |  
 |  split(...)
 |      S.split(sep=None, maxsplit=-1) -> list of strings
 |      
 |      Return a list of the words in S, using sep as the
 |      delimiter string.  If maxsplit is given, at most maxsplit
 |      splits are done. If sep is not specified or is None, any
 |      whitespace string is a separator and empty strings are
 |      removed from the result.
 |  
 |  splitlines(...)
 |      S.splitlines([keepends]) -> list of strings
 |      
 |      Return a list of the lines in S, breaking at line boundaries.
 |      Line breaks are not included in the resulting list unless keepends
 |      is given and true.
 |  
 |  startswith(...)
 |      S.startswith(prefix[, start[, end]]) -> bool
 |      
 |      Return True if S starts with the specified prefix, False otherwise.
 |      With optional start, test S beginning at that position.
 |      With optional end, stop comparing S at that position.
 |      prefix can also be a tuple of strings to try.
 |  
 |  strip(...)
 |      S.strip([chars]) -> str
 |      
 |      Return a copy of the string S with leading and trailing
 |      whitespace removed.
 |      If chars is given and not None, remove characters in chars instead.
 |  
 |  swapcase(...)
 |      S.swapcase() -> str
 |      
 |      Return a copy of S with uppercase characters converted to lowercase
 |      and vice versa.
 |  
 |  title(...)
 |      S.title() -> str
 |      
 |      Return a titlecased version of S, i.e. words start with title case
 |      characters, all remaining cased characters have lower case.
 |  
 |  translate(...)
 |      S.translate(table) -> str
 |      
 |      Return a copy of the string S in which each character has been mapped
 |      through the given translation table. The table must implement
 |      lookup/indexing via __getitem__, for instance a dictionary or list,
 |      mapping Unicode ordinals to Unicode ordinals, strings, or None. If
 |      this operation raises LookupError, the character is left untouched.
 |      Characters mapped to None are deleted.
 |  

 |  upper(...)
 |      S.upper() -> str
 |      
 |      Return a copy of S converted to uppercase.
 |  
 |  zfill(...)
 |      S.zfill(width) -> str
 |      
 |      Pad a numeric string S with zeros on the left, to fill a field
 |      of the specified width. The string S is never truncated.
 |  
 |  ----------------------------------------------------------------------
 |  Static methods defined here:
 |  
 |  maketrans(x, y=None, z=None, /)
 |      Return a translation table usable for str.translate().
 |      
 |      If there is only one argument, it must be a dictionary mapping Unicode
 |      ordinals (integers) or characters to Unicode ordinals, strings or None.
 |      Character keys will be then converted to ordinals.
 |      If there are two arguments, they must be strings of equal length, and
 |      in the resulting dictionary, each character in x will be mapped to the
 |      character at the same position in y. If there is a third argument, it
 |      must be a string, whose characters will be mapped to None in the result.

>>> str.count('abcdefg')
Traceback (most recent call last):
  File "<console>", line 1, in <module>
TypeError: count() takes at least 1 argument (0 given)

>>> str.count('abcdefg', 'a')
1

>>> 'abcdefg'.count('a')
1

>>> math.trunc(3.2)
3

>>> len('abc')
3

>>> pow(3+4)
Traceback (most recent call last):
  File "<console>", line 1, in <module>
TypeError: pow expected at least 2 arguments, got 1

>>> pow(3 + 4)
Traceback (most recent call last):
  File "<console>", line 1, in <module>
TypeError: pow expected at least 2 arguments, got 1

>>> list.count(['a', 'b', 'a', 'c'], 'a')
2

>>> 'moogah'.swapcase()
'MOOGAH'

>>> '\nabc\t\t'.strip()
'abc'

>>> str.strip('\nabc\t\t')
'abc'

>>> ['a', 'b', 'c'].count('b')
1

>>> list.count('b', ['a', 'b', 'c'])
Traceback (most recent call last):
  File "<console>", line 1, in <module>
TypeError: descriptor 'count' requires a 'list' object but received a 'str'

>>> list.append([1, 2, 3], 4)

>>> a = list.append([1, 2, 3], 4)

>>> a

>>> list
<class 'list'>

>>> a = [1, 2, 3]

>>> list.append(a, 4)

>>> a
[1, 2, 3, 4]

>>> a.append(4)

>>> a
[1, 2, 3, 4, 4]

>>> (executing file "WordplayStr.py")

>>> s = WordplayStr('abracadabra')

>>> len(s)
11

>>> s.startswith('abra')
True

>>> s == 'abracadabra'
True

>>> type(s)
<class '__main__.WordplayStr'>

>>> 